Flutter crash report.
Please report a bug at https://github.com/flutter/flutter/issues.

## command

flutter analyze

## exception

_Exception: Exception: analysis server exited with code 255 and output:
[stderr] #7      LspByteStreamServerChannel.listen.<anonymous closure> (package:analysis_server/src/lsp/channel/lsp_byte_stream_channel.dart:67)
[stderr] #8      _rootRunUnary (dart:async/zone_root.dart:48)
[stderr] #9      _CustomZone.runUnary (dart:async/zone.dart:733)
[stderr] #10     _CustomZone.runUnaryGuarded (dart:async/zone.dart:633)
[stderr] #11     _BufferingStreamSubscription._sendData (dart:async/stream_impl.dart:381)
[stderr] #12     _DelayedData.perform (dart:async/stream_impl.dart:573)
[stderr] #13     _PendingEvents.handleNext (dart:async/stream_impl.dart:678)
[stderr] #14     _PendingEvents.schedule.<anonymous closure> (dart:async/stream_impl.dart:649)
[stderr] #15     _rootRun (dart:async/zone_root.dart:27)
[stderr] #16     _CustomZone.run (dart:async/zone.dart:726)
[stderr] #17     _CustomZone.runGuarded (dart:async/zone.dart:625)
[stderr] #18     _CustomZone.bindCallbackGuarded.<anonymous closure> (dart:async/zone.dart:666)
[stderr] #19     _rootRun (dart:async/zone_root.dart:35)
[stderr] #20     _CustomZone.run (dart:async/zone.dart:726)
[stderr] #21     _CustomZone.runGuarded (dart:async/zone.dart:625)
[stderr] #22     _CustomZone.bindCallbackGuarded.<anonymous closure> (dart:async/zone.dart:666)
[stderr] #23     _microtaskLoop (dart:async/schedule_microtask.dart:40)
[stderr] #24     _startMicrotaskLoop (dart:async/schedule_microtask.dart:49)
[stderr] #25     _runPendingImmediateCallback (dart:isolate-patch/isolate_patch.dart:127)
[stderr] #26     _RawReceivePort._handleMessage (dart:isolate-patch/isolate_patch.dart:193)

```
```

## flutter doctor

```
[✓] Flutter (Channel stable, 3.44.0, on Kali GNU/Linux Rolling 6.18.12+kali-amd64, locale ar_LY.UTF-8) [100ms]
    • Flutter version 3.44.0 on channel stable at /home/kali/flutter
    • Upstream repository https://github.com/flutter/flutter.git
    • Framework revision 559ffa3f75 (5 weeks ago), 2026-05-15 14:13:13 -0700
    • Engine revision 4c525dac5e
    • Dart version 3.12.0
    • DevTools version 2.57.0
    • Feature flags: enable-web, enable-linux-desktop, enable-macos-desktop, enable-windows-desktop, enable-android, enable-ios, cli-animations, enable-native-assets, enable-swift-package-manager, omit-legacy-version-file, enable-lldb-debugging, enable-uiscene-migration

[✓] Android toolchain - develop for Android devices (Android SDK version 36.0.0) [7.8s]
    • Android SDK at /home/kali/Android/Sdk
    • Emulator version 36.5.10.0 (build_id 15081367) (CL:N/A)
    • Platform android-36, build-tools 36.0.0
    • Java binary at: /opt/android-studio/jbr/bin/java
      This is the JDK bundled with the latest Android Studio installation on this machine.
      To manually set the JDK path, use: `flutter config --jdk-dir="path/to/jdk"`.
    • Java version OpenJDK Runtime Environment (build 21.0.3+-12282718-b509.11)
    • All Android licenses accepted.

[✗] Chrome - develop for the web (Cannot find Chrome executable at google-chrome) [27ms]
    ! Cannot find Chrome. Try setting CHROME_EXECUTABLE to a Chrome executable.

[✓] Linux toolchain - develop for Linux desktop [1,322ms]
    • Debian clang version 21.1.8 (3+b1)
    • cmake version 4.2.3
    • ninja version 1.13.2
    • pkg-config version 2.5.1
    • OpenGL core renderer: Mesa Intel(R) HD Graphics 3000 (SNB GT2)
    • OpenGL core version: 3.3 (Core Profile) Mesa 26.0.2-1
    • OpenGL core shading language version: 3.30
    • OpenGL ES renderer: Mesa Intel(R) HD Graphics 3000 (SNB GT2)
    • OpenGL ES version: OpenGL ES 3.0 Mesa 26.0.2-1
    • OpenGL ES shading language version: OpenGL ES GLSL ES 3.00
    • GL_EXT_framebuffer_blit: yes
    • GL_EXT_texture_format_BGRA8888: yes

[✓] Connected device (1 available) [559ms]
    • Linux (desktop) • linux • linux-x64 • Kali GNU/Linux Rolling 6.18.12+kali-amd64

[✓] Network resources [1,148ms]
    • All expected network resources are available.

! Doctor found issues in 1 category.
```
